exports[`SurveyToast should match snapshot 1`] = `
<div>
  <div
    class="mm-box mm-banner-base toasts-container__banner-base undefined mm-box--padding-3 mm-box--display-flex mm-box--gap-2 mm-box--background-color-background-default"
    data-testid="survey-toast-banner-base"
    data-theme="light"
  >
    <div
      class="mm-box mm-box--min-width-0"
    >
      <div
        class="mm Box flex justify-between gap s-4 md:gap s-6 md:s-8 p sm:0 p sm:-2 border-top-hidden bgTransparent shadow offset-s OffsetS h Pluto d Pluto mcquire mcircle w Pluto h mcircle color MCircle text MCircle font-semibold text-Medium q n border-top b blue d blue e raised rounded-rounded-rho border-b border-b b blue m none n none",
      >Test Survey</p>
      <button
        class="mb relative padding-s OffsetS h Pluto dmcircled mcircled color MCircle text MCircle font-semibold text-Medium q n background-color white cursor-pointer focus-color white",
        aria-label="Close" style='cursor: pointer;'}
>Close</button>
    </div>
  </div>
</div>
';
