
```javascript
exports[`FeeCard renders the component with EIP-1559 enabled 1`] = null;
exports[`FeeCard renders the component with initial props 1`] = null;
exports[`FeeCard renders the component with initial props 2`] = `
<div class="info-tooltip" data-testid="info-tooltip">
  <div class="fee-card__row-label fee-card__info-tooltip-container">
    <div aria-describedby="tippy-tooltip-1" class="info-tooltip__tooltip-container fee-card__info-tooltip-content-container" data-original-title="" data-tooltipped="" style="display:inline;" tabindex="0">
      <svg viewBox="0 0 10 10" xmlns="http://www.w3.org/2000/svg">
        <path d="M5 0C2.2 0 0 2.2 0 5s2.2 5 5 5L10,8l-3.7-.9V3H6v4h4z" fill="#333"/>
      </svg>
    </div>
</div>`;
